// Jest Snapshot v1, https://goo.gl/fbAQLP

exports[`renders correctly when there are no items 1`] = `
<div>
  <div>
    <div
      className="MuiFormControl-root MuiTextField-root"
    >
      <label
        className="MuiFormLabel-root MuiInputLabel-root MuiInputLabel-formControl MuiInputLabel-animated"
        data-shrink={false}
      >
        Product Name Search
      </label>
      <div
        className="MuiInputBase-root MuiInput-root MuiInput-underline MuiInputBase-formControl MuiInput-formControl"
        onClick={[Function]}
      >
        <input
          aria-invalid={false}
          autoFocus={false}
          className="MuiInputBase-input MuiInput-input"
          disabled={false}
          onAnimationStart={[Function]}
          onBlur={[Function]}
          onChange={[Function]}
          onFocus={[Function]}
          required={false}
          type="text"
          value=""
        />
      </div>
    </div>
  </div>
  <div>
    <div
      className="MuiFormControl-root"
    >
      <label
        className="MuiFormLabel-root MuiInputLabel-root MuiInputLabel-formControl MuiInputLabel-animated"
        data-shrink={false}
        id="broker-label"
      >
        Broker
      </label>
      <div
        className="MuiInputBase-root MuiInput-root MuiInput-underline MuiInputBase-formControl MuiInput-formControl"
        onClick={[Function]}
      >
        <div
          aria-haspopup="listbox"
          aria-labelledby="broker-label"
          className="MuiSelect-root MuiSelect-select MuiSelect-selectMenu MuiInputBase-input MuiInput-input"
          onBlur={[Function]}
          onFocus={[Function]}
          onKeyDown={[Function]}
          onMouseDown={[Function]}
          role="button"
          tabIndex={0}
        >
          <span
            dangerouslySetInnerHTML={
              Object {
                "__html": "&#8203;",
              }
            }
          />
        </div>
        <input
          aria-hidden={true}
          className="MuiSelect-nativeInput"
          onAnimationStart={[Function]}
          onChange={[Function]}
          required={false}
          tabIndex={-1}
          value=""
        />
        <svg
          aria-hidden={true}
          className="MuiSvgIcon-root MuiSelect-icon"
          focusable="false"
          viewBox="0 0 24 24"
        >
          <path
            d="M7 10l5 5 5-5z"
          />
        </svg>
      </div>
    </div>
  </div>
  <div>
    <div
      className="MuiFormControl-root"
    >
      <label
        className="MuiFormLabel-root MuiInputLabel-root MuiInputLabel-formControl MuiInputLabel-animated"
        data-shrink={false}
        id="side-label"
      >
        Side
      </label>
      <div
        className="MuiInputBase-root MuiInput-root MuiInput-underline MuiInputBase-formControl MuiInput-formControl"
        onClick={[Function]}
      >
        <div
          aria-haspopup="listbox"
          aria-labelledby="side-label"
          className="MuiSelect-root MuiSelect-select MuiSelect-selectMenu MuiInputBase-input MuiInput-input"
          onBlur={[Function]}
          onFocus={[Function]}
          onKeyDown={[Function]}
          onMouseDown={[Function]}
          role="button"
          tabIndex={0}
        >
          <span
            dangerouslySetInnerHTML={
              Object {
                "__html": "&#8203;",
              }
            }
          />
        </div>
        <input
          aria-hidden={true}
          className="MuiSelect-nativeInput"
          onAnimationStart={[Function]}
          onChange={[Function]}
          required={false}
          tabIndex={-1}
          value=""
        />
        <svg
          aria-hidden={true}
          className="MuiSvgIcon-root MuiSelect-icon"
          focusable="false"
          viewBox="0 0 24 24"
        >
          <path
            d="M7 10l5 5 5-5z"
          />
        </svg>
      </div>
    </div>
  </div>
  <div>
    <button
      className="MuiButtonBase-root MuiButton-root MuiButton-contained MuiButton-containedSecondary"
      disabled={false}
      onBlur={[Function]}
      onClick={[Function]}
      onDragLeave={[Function]}
      onFocus={[Function]}
      onKeyDown={[Function]}
      onKeyUp={[Function]}
      onMouseDown={[Function]}
      onMouseLeave={[Function]}
      onMouseUp={[Function]}
      onTouchEnd={[Function]}
      onTouchMove={[Function]}
      onTouchStart={[Function]}
      tabIndex={0}
      type="button"
    >
      <span
        className="MuiButton-label"
      >
        Clear
      </span>
    </button>
      
    <button
      className="MuiButtonBase-root MuiButton-root MuiButton-contained MuiButton-containedPrimary"
      disabled={false}
      onBlur={[Function]}
      onClick={[Function]}
      onDragLeave={[Function]}
      onFocus={[Function]}
      onKeyDown={[Function]}
      onKeyUp={[Function]}
      onMouseDown={[Function]}
      onMouseLeave={[Function]}
      onMouseUp={[Function]}
      onTouchEnd={[Function]}
      onTouchMove={[Function]}
      onTouchStart={[Function]}
      tabIndex={0}
      type="button"
    >
      <span
        className="MuiButton-label"
      >
        Apply
      </span>
    </button>
  </div>
</div>
`;
