// Jest Snapshot v1, https://goo.gl/fbAQLP

exports[`renders correctly when there is one row 1`] = `
<table
  className="MuiTable-root"
  role={null}
>
  <thead
    className="MuiTableHead-root"
    role={null}
  >
    <tr
      className="MuiTableRow-root MuiTableRow-head"
      role={null}
    >
      <th
        aria-sort={null}
        className="MuiTableCell-root MuiTableCell-head"
        scope="col"
      >
        Side
      </th>
      <th
        aria-sort={null}
        className="MuiTableCell-root MuiTableCell-head"
        scope="col"
      >
        Trade Date
      </th>
      <th
        aria-sort={null}
        className="MuiTableCell-root MuiTableCell-head"
        scope="col"
      >
        Product Name
      </th>
      <th
        aria-sort={null}
        className="MuiTableCell-root MuiTableCell-head"
        scope="col"
      >
        Book Name
      </th>
      <th
        aria-sort={null}
        className="MuiTableCell-root MuiTableCell-head"
        scope="col"
      >
        Trade Price
      </th>
      <th
        aria-sort={null}
        className="MuiTableCell-root MuiTableCell-head"
        scope="col"
      >
        Trade Display Volume
      </th>
      <th
        aria-sort={null}
        className="MuiTableCell-root MuiTableCell-head"
        scope="col"
      >
        Cancelled
      </th>
      <th
        aria-sort={null}
        className="MuiTableCell-root MuiTableCell-head"
        scope="col"
      >
        Matched
      </th>
      <th
        aria-sort={null}
        className="MuiTableCell-root MuiTableCell-head"
        scope="col"
      >
        Start Date
      </th>
      <th
        aria-sort={null}
        className="MuiTableCell-root MuiTableCell-head"
        scope="col"
      >
        End Date
      </th>
      <th
        aria-sort={null}
        className="MuiTableCell-root MuiTableCell-head"
        scope="col"
      >
        Time Created
      </th>
    </tr>
  </thead>
  <tbody
    className="MuiTableBody-root"
    role={null}
  >
    <tr
      className="MuiTableRow-root"
      role={null}
    >
      <td
        aria-sort={null}
        className="MuiTableCell-root MuiTableCell-body"
      >
        BUY
      </td>
      <td
        aria-sort={null}
        className="MuiTableCell-root MuiTableCell-body"
      >
        2019-09-06
      </td>
      <td
        aria-sort={null}
        className="MuiTableCell-root MuiTableCell-body"
      >
        3% GC/3.5% Barges Rot
      </td>
      <td
        aria-sort={null}
        className="MuiTableCell-root MuiTableCell-body"
      >
        Fuel
      </td>
      <td
        aria-sort={null}
        className="MuiTableCell-root MuiTableCell-body"
      >
        22.50
      </td>
      <td
        aria-sort={null}
        className="MuiTableCell-root MuiTableCell-body"
      >
        6
      </td>
      <td
        aria-sort={null}
        className="MuiTableCell-root MuiTableCell-body"
      />
      <td
        aria-sort={null}
        className="MuiTableCell-root MuiTableCell-body"
      />
      <td
        aria-sort={null}
        className="MuiTableCell-root MuiTableCell-body"
      >
        2020-12-01
      </td>
      <td
        aria-sort={null}
        className="MuiTableCell-root MuiTableCell-body"
      >
        2020-12-31
      </td>
      <td
        aria-sort={null}
        className="MuiTableCell-root MuiTableCell-body"
      >
        2019-09-06T17:39:16.477417Z
      </td>
    </tr>
  </tbody>
</table>
`;
